// Jest Snapshot v1, https://goo.gl/fbAQLP

exports[`<Card /> should render 1`] = `
<div>
  <div
    class="cardContainer cardContainerSelected"
  >
    <div
      class="card cardSelected"
    >
      <p
        class="title titleDesktop"
      >
        Title
      </p>
      <span
        class="subtitle"
      >
        Subtitle
      </span>
    </div>
    <div
      class="status"
    />
  </div>
</div>
`;
