// Jest Snapshot v1, https://goo.gl/fbAQLP

exports[`SidebarComponent should render 1`] = `
<div>
  <div
    class="darkBackground darkBackgroundOpen"
  >
    <div
      class="container containerOpen"
    >
      <div
        class="logoContainer"
      >
        <img
          class="logo"
          src="https://upload.wikimedia.org/wikipedia/en/thumb/e/e3/2022_FIFA_World_Cup.svg/1200px-2022_FIFA_World_Cup.svg.png"
        />
      </div>
      <nav
        class="nav"
      >
        <button
          class="navButton navButtonSelected"
        >
          Início
        </button>
        <button
          class="navButton"
        >
          Resultados
        </button>
        <button
          class="navButton"
        >
          Apostar
        </button>
        <button
          class="navButton"
        >
          Regras
        </button>
        <button
          class="navButton"
        >
          Prêmios
        </button>
        <button
          class="navButton"
        >
          Extras
        </button>
        <button
          class="navButton"
        >
          <a
            href="#"
          >
            link
          </a>
        </button>
      </nav>
    </div>
  </div>
</div>
`;
