// Jest Snapshot v1, https://goo.gl/fbAQLP

exports[`SidebarComponent should render 1`] = `
<div>
  <div
    class="container containerLeft containerOpen"
  >
    <div
      class="container containerOpen"
      data-testid="test-sidenav__container"
    >
      <nav
        class="nav"
      >
        <button
          class="navButtonCopa navButtonCopaSelected"
        >
          Início
        </button>
        <button
          class="navButtonCopa"
        >
          Resultados
        </button>
        <button
          class="navButtonCopa"
        >
          Apostar
        </button>
        <button
          class="navButtonCopa"
        >
          Regras
        </button>
        <button
          class="navButtonCopa"
        >
          Prêmios
        </button>
        <button
          class="navButtonCopa"
        >
          Extras
        </button>
      </nav>
    </div>
  </div>
</div>
`;
