// Jest Snapshot v1, https://goo.gl/fbAQLP

exports[`<NewsCard /> should render 1`] = `
<div>
  <a
    href="#"
    rel="noreferrer"
    target="_blank"
  >
    <div
      class="container"
    >
      <img
        alt="resume"
        src="https://s2.glbimg.com/8_XbuLD2d1XCpSP9pUOw4sc7CdY=/540x304/top/smart/filters:max_age(3600)/https://s01.video.glbimg.com/deo/vi/27/10/10971027"
      />
      <div
        class="titleContainer"
      >
        <p
          class="title"
        >
          title
        </p>
        <p
          class="resume"
        >
          resume
        </p>
        <div
          class="date"
        >
          date ago
        </div>
      </div>
    </div>
  </a>
</div>
`;
