// Jest Snapshot v1, https://goo.gl/fbAQLP

exports[`<Table /> should render 1`] = `
<div>
  <div
    class="tableRow"
  >
    <div
      class="flexed1 alignedLeft"
    >
      <div>
        Pos
      </div>
    </div>
    <div
      class="flexed4 alignedLeft"
    >
      <div>
        Nome
      </div>
    </div>
    <div
      class="flexed1 alignedRight"
    >
      <div>
        Pts.
      </div>
    </div>
  </div>
  <div
    class="tableRow"
  >
    <div
      class="flexed1 alignedLeft"
    >
      <div>
        01.
      </div>
    </div>
    <div
      class="flexed4 alignedLeft"
    >
      <div>
        Felipe Zanon Felipe Zanon Felipe Zanon
      </div>
    </div>
    <div
      class="flexed1 alignedRight"
    >
      <div>
        999
      </div>
    </div>
  </div>
  <div
    class="tableRow"
  >
    <div
      class="flexed1 alignedLeft"
    >
      <div>
        01.
      </div>
    </div>
    <div
      class="flexed4 alignedLeft"
    >
      <div>
        Felipe Zanon Felipe Zanon Felipe Zanon
      </div>
    </div>
    <div
      class="flexed1 alignedRight"
    >
      <div>
        999
      </div>
    </div>
  </div>
  <div
    class="tableRow"
  >
    <div
      class="flexed1 alignedLeft"
    >
      <div>
        01.
      </div>
    </div>
    <div
      class="flexed4 alignedLeft"
    >
      <div>
        Felipe Zanon Felipe Zanon Felipe Zanon
      </div>
    </div>
    <div
      class="flexed1 alignedRight"
    >
      <div>
        999
      </div>
    </div>
  </div>
  <div
    class="tableRow"
  >
    <div
      class="flexed1 alignedLeft"
    >
      <div>
        01.
      </div>
    </div>
    <div
      class="flexed4 alignedLeft"
    >
      <div>
        Felipe Zanon Felipe Zanon Felipe Zanon
      </div>
    </div>
    <div
      class="flexed1 alignedRight"
    >
      <div>
        999
      </div>
    </div>
  </div>
  <div
    class="tableRow"
  >
    <div
      class="flexed1 alignedLeft"
    >
      <div>
        01.
      </div>
    </div>
    <div
      class="flexed4 alignedLeft"
    >
      <div>
        Felipe Zanon Felipe Zanon Felipe Zanon
      </div>
    </div>
    <div
      class="flexed1 alignedRight"
    >
      <div>
        999
      </div>
    </div>
  </div>
  <div
    class="tableRow"
  >
    <div
      class="flexed1 alignedLeft"
    >
      <div>
        01.
      </div>
    </div>
    <div
      class="flexed4 alignedLeft"
    >
      <div>
        Felipe Zanon Felipe Zanon Felipe Zanon
      </div>
    </div>
    <div
      class="flexed1 alignedRight"
    >
      <div>
        999
      </div>
    </div>
  </div>
</div>
`;
