// Jest Snapshot v1, https://goo.gl/fbAQLP

exports[`MatchComponent should render 1`] = `
<div>
  <div
    class="container"
  >
    <div
      class="matchContainer"
    >
      <div
        class="matchStatus matchStatusCheck"
      >
        <div>
          <span
            data-tip="true"
          >
            <svg
              aria-hidden="true"
              class="svg-inline--fa fa-circle-check "
              data-icon="circle-check"
              data-prefix="fas"
              focusable="false"
              role="img"
              viewBox="0 0 512 512"
              xmlns="http://www.w3.org/2000/svg"
            >
              <path
                d="M256 512c141.4 0 256-114.6 256-256S397.4 0 256 0S0 114.6 0 256S114.6 512 256 512zM369 209L241 337c-9.4 9.4-24.6 9.4-33.9 0l-64-64c-9.4-9.4-9.4-24.6 0-33.9s24.6-9.4 33.9 0l47 47L335 175c9.4-9.4 24.6-9.4 33.9 0s9.4 24.6 0 33.9z"
                fill="currentColor"
              />
            </svg>
          </span>
          <p>
            text: 
            Aposta completa.
          </p>
          <p>
            type: 
            neutral
          </p>
        </div>
      </div>
      <div
        class="dateContainerDesktop"
        style="background: rgb(236, 239, 241) url();"
      >
        <div
          class="toggle"
        />
        <div
          class="infoDesktop infoClockDesktop"
        >
          <span
            class="infoClockStatus"
          >
            1T
          </span>
          <span
            class="infoClockAnimated"
          >
            45
          </span>
        </div>
      </div>
      <div
        class="containerLeft"
        style="color: rgb(25, 51, 117); background: rgb(255, 220, 2) url();"
      >
        <div
          class="logoContainer"
        >
          <img
            alt="Brasil logo"
            class="logo logoLeft logoSmall"
            src="https://assets.omegafox.me/img/countries_crests/bra.png"
          />
        </div>
        <div
          class="nameContainer"
          style="text-shadow: -1px 0 #FFDC02, 0 1px #FFDC02, 1px 0 #FFDC02, 0 -1px #FFDC02;"
          translate="no"
        >
          Brasil
        </div>
        <div
          class="scoreContainerHoverable scoreContainer"
        >
          <form
            class="form"
          >
            <input
              class="scoreInput"
              id="scoreInputId00"
              type="number"
              value="2"
            />
          </form>
        </div>
      </div>
      <div
        class="containerLeft"
        style="color: rgb(255, 255, 255); background: rgb(67, 161, 213) url();"
      >
        <div
          class="scoreContainerHoverable scoreContainer"
        >
          <form
            class="form"
          >
            <input
              class="scoreInput"
              id="scoreInputId01"
              type="number"
              value="0"
            />
          </form>
        </div>
        <div
          class="nameContainer"
          style="text-shadow: -1px 0 #43A1D5, 0 1px #43A1D5, 1px 0 #43A1D5, 0 -1px #43A1D5;"
          translate="no"
        >
          Argentina
        </div>
        <div
          class="logoContainer"
        >
          <img
            alt="Argentina logo"
            class="logo logoRight logoSmall"
            src="https://assets.omegafox.me/img/countries_crests/arg.png"
          />
        </div>
      </div>
    </div>
  </div>
</div>
`;
